// Jest Snapshot v1, https://goo.gl/fbAQLP

exports[`NoteListMain component renders a .NoteListMain by default 1`] = `
<section
  className="NoteListMain"
>
  <ul
    id="note__list"
  />
  <div
    className="NoteListMain__button-container"
  >
    <NavCircleButton
      className="NoteListMain__add-note-button"
      tag={
        Object {
          "$$typeof": Symbol(react.forward_ref),
          "displayName": "Link",
          "propTypes": Object {
            "innerRef": [Function],
            "onClick": [Function],
            "replace": [Function],
            "target": [Function],
            "to": [Function],
          },
          "render": [Function],
        }
      }
      to="/add-note"
      type="button"
    >
      <br />
      Note
    </NavCircleButton>
  </div>
</section>
`;

exports[`NoteListMain component renders a Note in ul for each notes in array 1`] = `
<ul
  id="note__list"
/>
`;
