// Jest Snapshot v1, https://goo.gl/fbAQLP

exports[`NoteListNav component renders a .NoteListNav by default 1`] = `
<div
  className="NoteListNav"
>
  <ul
    className="NoteListNav__list"
  />
  <div
    className="NoteListNav__button-wrapper"
  >
    <NavCircleButton
      className="NoteListNav__add-folder-button"
      tag={
        Object {
          "$$typeof": Symbol(react.forward_ref),
          "displayName": "Link",
          "propTypes": Object {
            "innerRef": [Function],
            "onClick": [Function],
            "replace": [Function],
            "target": [Function],
            "to": [Function],
          },
          "render": [Function],
        }
      }
      to="/add-folder"
      type="button"
    >
      <br />
      Folder
    </NavCircleButton>
  </div>
</div>
`;
